[2026-05-18 18:39:08] ============================================================
[2026-05-18 18:39:08]  Iniciando backup: chirpstack
[2026-05-18 18:39:08]  Host: localhost:5432
[2026-05-18 18:39:08]  Usuario: chirpstack
[2026-05-18 18:39:08] ============================================================
[2026-05-18 18:39:08] Versao: pg_dump (PostgreSQL) 17.10 (Ubuntu 17.10-1.pgdg24.04+1)
[2026-05-18 18:39:08] 
[2026-05-18 18:39:08] [1/2] Gerando .backup (formato custom)...
pg_dump: last built-in OID is 16383
pg_dump: reading extensions
pg_dump: identifying extension members
pg_dump: reading schemas
pg_dump: reading user-defined tables
pg_dump: reading user-defined functions
pg_dump: reading user-defined types
pg_dump: reading procedural languages
pg_dump: reading user-defined aggregate functions
pg_dump: reading user-defined operators
pg_dump: reading user-defined access methods
pg_dump: reading user-defined operator classes
pg_dump: reading user-defined operator families
pg_dump: reading user-defined text search parsers
pg_dump: reading user-defined text search templates
pg_dump: reading user-defined text search dictionaries
pg_dump: reading user-defined text search configurations
pg_dump: reading user-defined foreign-data wrappers
pg_dump: reading user-defined foreign servers
pg_dump: reading default privileges
pg_dump: reading user-defined collations
pg_dump: reading user-defined conversions
pg_dump: reading type casts
pg_dump: reading transforms
pg_dump: reading table inheritance information
pg_dump: reading event triggers
pg_dump: finding extension tables
pg_dump: finding inheritance relationships
pg_dump: reading column info for interesting tables
pg_dump: finding table default expressions
pg_dump: flagging inherited columns in subtables
pg_dump: reading partitioning data
pg_dump: reading indexes
pg_dump: flagging indexes in partitioned tables
pg_dump: reading extended statistics
pg_dump: reading constraints
pg_dump: reading triggers
pg_dump: reading rewrite rules
pg_dump: reading policies
pg_dump: reading row-level security policies
pg_dump: reading publications
pg_dump: reading publication membership of tables
pg_dump: reading publication membership of schemas
pg_dump: reading subscriptions
pg_dump: reading subscription membership of tables
pg_dump: reading large objects
pg_dump: reading dependency data
pg_dump: saving encoding = UTF8
pg_dump: saving "standard_conforming_strings = on"
pg_dump: saving "search_path = "
pg_dump: saving database definition
pg_dump: dumping contents of table "public.__diesel_schema_migrations"
pg_dump: dumping contents of table "public.api_key"
pg_dump: dumping contents of table "public.application"
pg_dump: dumping contents of table "public.application_integration"
pg_dump: dumping contents of table "public.device"
pg_dump: dumping contents of table "public.device_keys"
pg_dump: dumping contents of table "public.device_profile"
pg_dump: dumping contents of table "public.device_profile_template"
pg_dump: dumping contents of table "public.device_queue_item"
pg_dump: dumping contents of table "public.fuota_deployment"
pg_dump: dumping contents of table "public.fuota_deployment_device"
pg_dump: dumping contents of table "public.fuota_deployment_gateway"
pg_dump: dumping contents of table "public.fuota_deployment_job"
pg_dump: dumping contents of table "public.gateway"
pg_dump: dumping contents of table "public.multicast_group"
pg_dump: dumping contents of table "public.multicast_group_device"
pg_dump: dumping contents of table "public.multicast_group_gateway"
pg_dump: dumping contents of table "public.multicast_group_queue_item"
pg_dump: dumping contents of table "public.relay_device"
pg_dump: dumping contents of table "public.relay_gateway"
pg_dump: dumping contents of table "public.tenant"
pg_dump: dumping contents of table "public.tenant_user"
pg_dump: dumping contents of table "public.user"
[2026-05-18 18:39:08]   OK - 63108 bytes - /home/adailsilva/Apps/OracleCloud/03.k8s-on-arm-oci-always-free_chirpstack/04.chirpstack_v4/backups//chirpstack_20260518_183908.backup
[2026-05-18 18:39:08] 
[2026-05-18 18:39:08] [2/2] Gerando .sql (plain SQL)...
pg_dump: last built-in OID is 16383
pg_dump: reading extensions
pg_dump: identifying extension members
pg_dump: reading schemas
pg_dump: reading user-defined tables
pg_dump: reading user-defined functions
pg_dump: reading user-defined types
pg_dump: reading procedural languages
pg_dump: reading user-defined aggregate functions
pg_dump: reading user-defined operators
pg_dump: reading user-defined access methods
pg_dump: reading user-defined operator classes
pg_dump: reading user-defined operator families
pg_dump: reading user-defined text search parsers
pg_dump: reading user-defined text search templates
pg_dump: reading user-defined text search dictionaries
pg_dump: reading user-defined text search configurations
pg_dump: reading user-defined foreign-data wrappers
pg_dump: reading user-defined foreign servers
pg_dump: reading default privileges
pg_dump: reading user-defined collations
pg_dump: reading user-defined conversions
pg_dump: reading type casts
pg_dump: reading transforms
pg_dump: reading table inheritance information
pg_dump: reading event triggers
pg_dump: finding extension tables
pg_dump: finding inheritance relationships
pg_dump: reading column info for interesting tables
pg_dump: finding table default expressions
pg_dump: flagging inherited columns in subtables
pg_dump: reading partitioning data
pg_dump: reading indexes
pg_dump: flagging indexes in partitioned tables
pg_dump: reading extended statistics
pg_dump: reading constraints
pg_dump: reading triggers
pg_dump: reading rewrite rules
pg_dump: reading policies
pg_dump: reading row-level security policies
pg_dump: reading publications
pg_dump: reading publication membership of tables
pg_dump: reading publication membership of schemas
pg_dump: reading subscriptions
pg_dump: reading subscription membership of tables
pg_dump: reading large objects
pg_dump: reading dependency data
pg_dump: saving encoding = UTF8
pg_dump: saving "standard_conforming_strings = on"
pg_dump: saving "search_path = "
pg_dump: saving database definition
pg_dump: dropping DATABASE chirpstack
pg_dump: creating DATABASE "chirpstack"
pg_dump: connecting to new database "chirpstack"
pg_dump: creating EXTENSION "hstore"
pg_dump: creating COMMENT "EXTENSION hstore"
pg_dump: creating EXTENSION "pg_trgm"
pg_dump: creating COMMENT "EXTENSION pg_trgm"
pg_dump: creating TABLE "public.__diesel_schema_migrations"
pg_dump: creating TABLE "public.api_key"
pg_dump: creating TABLE "public.application"
pg_dump: creating TABLE "public.application_integration"
pg_dump: creating TABLE "public.device"
pg_dump: creating TABLE "public.device_keys"
pg_dump: creating TABLE "public.device_profile"
pg_dump: creating TABLE "public.device_profile_template"
pg_dump: creating TABLE "public.device_queue_item"
pg_dump: creating TABLE "public.fuota_deployment"
pg_dump: creating TABLE "public.fuota_deployment_device"
pg_dump: creating TABLE "public.fuota_deployment_gateway"
pg_dump: creating TABLE "public.fuota_deployment_job"
pg_dump: creating TABLE "public.gateway"
pg_dump: creating TABLE "public.multicast_group"
pg_dump: creating TABLE "public.multicast_group_device"
pg_dump: creating TABLE "public.multicast_group_gateway"
pg_dump: creating TABLE "public.multicast_group_queue_item"
pg_dump: creating TABLE "public.relay_device"
pg_dump: creating TABLE "public.relay_gateway"
pg_dump: creating TABLE "public.tenant"
pg_dump: creating TABLE "public.tenant_user"
pg_dump: creating TABLE "public.user"
pg_dump: processing data for table "public.__diesel_schema_migrations"
pg_dump: dumping contents of table "public.__diesel_schema_migrations"
pg_dump: processing data for table "public.api_key"
pg_dump: dumping contents of table "public.api_key"
pg_dump: processing data for table "public.application"
pg_dump: dumping contents of table "public.application"
pg_dump: processing data for table "public.application_integration"
pg_dump: dumping contents of table "public.application_integration"
pg_dump: processing data for table "public.device"
pg_dump: dumping contents of table "public.device"
pg_dump: processing data for table "public.device_keys"
pg_dump: dumping contents of table "public.device_keys"
pg_dump: processing data for table "public.device_profile"
pg_dump: dumping contents of table "public.device_profile"
pg_dump: processing data for table "public.device_profile_template"
pg_dump: dumping contents of table "public.device_profile_template"
pg_dump: processing data for table "public.device_queue_item"
pg_dump: dumping contents of table "public.device_queue_item"
pg_dump: processing data for table "public.fuota_deployment"
pg_dump: dumping contents of table "public.fuota_deployment"
pg_dump: processing data for table "public.fuota_deployment_device"
pg_dump: dumping contents of table "public.fuota_deployment_device"
pg_dump: processing data for table "public.fuota_deployment_gateway"
pg_dump: dumping contents of table "public.fuota_deployment_gateway"
pg_dump: processing data for table "public.fuota_deployment_job"
pg_dump: dumping contents of table "public.fuota_deployment_job"
pg_dump: processing data for table "public.gateway"
pg_dump: dumping contents of table "public.gateway"
pg_dump: processing data for table "public.multicast_group"
pg_dump: dumping contents of table "public.multicast_group"
pg_dump: processing data for table "public.multicast_group_device"
pg_dump: dumping contents of table "public.multicast_group_device"
pg_dump: processing data for table "public.multicast_group_gateway"
pg_dump: dumping contents of table "public.multicast_group_gateway"
pg_dump: processing data for table "public.multicast_group_queue_item"
pg_dump: dumping contents of table "public.multicast_group_queue_item"
pg_dump: processing data for table "public.relay_device"
pg_dump: dumping contents of table "public.relay_device"
pg_dump: processing data for table "public.relay_gateway"
pg_dump: dumping contents of table "public.relay_gateway"
pg_dump: processing data for table "public.tenant"
pg_dump: dumping contents of table "public.tenant"
pg_dump: processing data for table "public.tenant_user"
pg_dump: dumping contents of table "public.tenant_user"
pg_dump: processing data for table "public.user"
pg_dump: dumping contents of table "public.user"
pg_dump: creating CONSTRAINT "public.__diesel_schema_migrations __diesel_schema_migrations_pkey"
pg_dump: creating CONSTRAINT "public.api_key api_key_pkey"
pg_dump: creating CONSTRAINT "public.application_integration application_integration_pkey"
pg_dump: creating CONSTRAINT "public.application application_pkey"
pg_dump: creating CONSTRAINT "public.device_keys device_keys_pkey"
pg_dump: creating CONSTRAINT "public.device device_pkey"
pg_dump: creating CONSTRAINT "public.device_profile device_profile_pkey"
pg_dump: creating CONSTRAINT "public.device_profile_template device_profile_template_pkey"
pg_dump: creating CONSTRAINT "public.device_queue_item device_queue_item_pkey"
pg_dump: creating CONSTRAINT "public.fuota_deployment_device fuota_deployment_device_pkey"
pg_dump: creating CONSTRAINT "public.fuota_deployment_gateway fuota_deployment_gateway_pkey"
pg_dump: creating CONSTRAINT "public.fuota_deployment_job fuota_deployment_job_pkey"
pg_dump: creating CONSTRAINT "public.fuota_deployment fuota_deployment_pkey"
pg_dump: creating CONSTRAINT "public.gateway gateway_pkey"
pg_dump: creating CONSTRAINT "public.multicast_group_device multicast_group_device_pkey"
pg_dump: creating CONSTRAINT "public.multicast_group_gateway multicast_group_gateway_pkey"
pg_dump: creating CONSTRAINT "public.multicast_group multicast_group_pkey"
pg_dump: creating CONSTRAINT "public.multicast_group_queue_item multicast_group_queue_item_pkey"
pg_dump: creating CONSTRAINT "public.relay_device relay_device_pkey"
pg_dump: creating CONSTRAINT "public.relay_gateway relay_gateway_pkey"
pg_dump: creating CONSTRAINT "public.tenant tenant_pkey"
pg_dump: creating CONSTRAINT "public.tenant_user tenant_user_pkey"
pg_dump: creating CONSTRAINT "public.user user_pkey"
pg_dump: creating INDEX "public.idx_api_key_tenant_id"
pg_dump: creating INDEX "public.idx_application_name_trgm"
pg_dump: creating INDEX "public.idx_application_tags"
pg_dump: creating INDEX "public.idx_application_tenant_id"
pg_dump: creating INDEX "public.idx_device_application_id"
pg_dump: creating INDEX "public.idx_device_dev_addr"
pg_dump: creating INDEX "public.idx_device_dev_addr_trgm"
pg_dump: creating INDEX "public.idx_device_dev_eui_trgm"
pg_dump: creating INDEX "public.idx_device_device_profile_id"
pg_dump: creating INDEX "public.idx_device_name_trgm"
pg_dump: creating INDEX "public.idx_device_profile_name_trgm"
pg_dump: creating INDEX "public.idx_device_profile_tags"
pg_dump: creating INDEX "public.idx_device_profile_tenant_id"
pg_dump: creating INDEX "public.idx_device_queue_item_created_at"
pg_dump: creating INDEX "public.idx_device_queue_item_dev_eui"
pg_dump: creating INDEX "public.idx_device_queue_item_timeout_after"
pg_dump: creating INDEX "public.idx_device_secondary_dev_addr"
pg_dump: creating INDEX "public.idx_device_tags"
pg_dump: creating INDEX "public.idx_fuota_deployment_job_completed_at"
pg_dump: creating INDEX "public.idx_fuota_deployment_job_scheduler_run_after"
pg_dump: creating INDEX "public.idx_gateway_id_trgm"
pg_dump: creating INDEX "public.idx_gateway_name_trgm"
pg_dump: creating INDEX "public.idx_gateway_tags"
pg_dump: creating INDEX "public.idx_gateway_tenant_id"
pg_dump: creating INDEX "public.idx_multicast_group_application_id"
pg_dump: creating INDEX "public.idx_multicast_group_name_trgm"
pg_dump: creating INDEX "public.idx_multicast_group_queue_item_multicast_group_id"
pg_dump: creating INDEX "public.idx_multicast_group_queue_item_scheduler_run_after"
pg_dump: creating INDEX "public.idx_tenant_name_trgm"
pg_dump: creating INDEX "public.idx_tenant_tags"
pg_dump: creating INDEX "public.idx_tenant_user_user_id"
pg_dump: creating INDEX "public.idx_user_email"
pg_dump: creating INDEX "public.idx_user_external_id"
pg_dump: creating FK CONSTRAINT "public.api_key api_key_tenant_id_fkey"
pg_dump: creating FK CONSTRAINT "public.application_integration application_integration_application_id_fkey"
pg_dump: creating FK CONSTRAINT "public.application application_tenant_id_fkey"
pg_dump: creating FK CONSTRAINT "public.device device_application_id_fkey"
pg_dump: creating FK CONSTRAINT "public.device device_device_profile_id_fkey"
pg_dump: creating FK CONSTRAINT "public.device_keys device_keys_dev_eui_fkey"
pg_dump: creating FK CONSTRAINT "public.device_profile device_profile_tenant_id_fkey"
pg_dump: creating FK CONSTRAINT "public.device_queue_item device_queue_item_dev_eui_fkey"
pg_dump: creating FK CONSTRAINT "public.fuota_deployment fuota_deployment_application_id_fkey"
pg_dump: creating FK CONSTRAINT "public.fuota_deployment_device fuota_deployment_device_dev_eui_fkey"
pg_dump: creating FK CONSTRAINT "public.fuota_deployment_device fuota_deployment_device_fuota_deployment_id_fkey"
pg_dump: creating FK CONSTRAINT "public.fuota_deployment fuota_deployment_device_profile_id_fkey"
pg_dump: creating FK CONSTRAINT "public.fuota_deployment_gateway fuota_deployment_gateway_fuota_deployment_id_fkey"
pg_dump: creating FK CONSTRAINT "public.fuota_deployment_gateway fuota_deployment_gateway_gateway_id_fkey"
pg_dump: creating FK CONSTRAINT "public.fuota_deployment_job fuota_deployment_job_fuota_deployment_id_fkey"
pg_dump: creating FK CONSTRAINT "public.gateway gateway_tenant_id_fkey"
pg_dump: creating FK CONSTRAINT "public.multicast_group multicast_group_application_id_fkey"
pg_dump: creating FK CONSTRAINT "public.multicast_group_device multicast_group_device_dev_eui_fkey"
pg_dump: creating FK CONSTRAINT "public.multicast_group_device multicast_group_device_multicast_group_id_fkey"
pg_dump: creating FK CONSTRAINT "public.multicast_group_gateway multicast_group_gateway_gateway_id_fkey"
pg_dump: creating FK CONSTRAINT "public.multicast_group_gateway multicast_group_gateway_multicast_group_id_fkey"
pg_dump: creating FK CONSTRAINT "public.multicast_group_queue_item multicast_group_queue_item_gateway_id_fkey"
pg_dump: creating FK CONSTRAINT "public.multicast_group_queue_item multicast_group_queue_item_multicast_group_id_fkey"
pg_dump: creating FK CONSTRAINT "public.relay_device relay_device_dev_eui_fkey"
pg_dump: creating FK CONSTRAINT "public.relay_device relay_device_relay_dev_eui_fkey"
pg_dump: creating FK CONSTRAINT "public.relay_gateway relay_gateway_tenant_id_fkey"
pg_dump: creating FK CONSTRAINT "public.tenant_user tenant_user_tenant_id_fkey"
pg_dump: creating FK CONSTRAINT "public.tenant_user tenant_user_user_id_fkey"
[2026-05-18 18:39:08]   OK - 75871 bytes - /home/adailsilva/Apps/OracleCloud/03.k8s-on-arm-oci-always-free_chirpstack/04.chirpstack_v4/backups//chirpstack_20260518_183908.sql
[2026-05-18 18:39:08] 
[2026-05-18 18:39:08] ============================================================
[2026-05-18 18:39:08]  STATUS FINAL: SUCESSO
[2026-05-18 18:39:08]  Log: /home/adailsilva/Apps/OracleCloud/03.k8s-on-arm-oci-always-free_chirpstack/04.chirpstack_v4/backups//backup_20260518_183908.log
[2026-05-18 18:39:08] ============================================================
