[2026-05-18 18:29:14] ============================================================
[2026-05-18 18:29:14]  Iniciando backup: chirpstack_as
[2026-05-18 18:29:14]  Host: localhost:5432
[2026-05-18 18:29:14]  Usuario: chirpstack_as
[2026-05-18 18:29:14] ============================================================
[2026-05-18 18:29:14] Versao: pg_dump (PostgreSQL) 16.13 (Ubuntu 16.13-0ubuntu0.24.04.1)
[2026-05-18 18:29:14] 
[2026-05-18 18:29:14] [1/2] Gerando .backup (formato custom)...
pg_dump: last built-in OID is 16383
pg_dump: reading extensions
pg_dump: identifying extension members
pg_dump: reading schemas
pg_dump: reading user-defined tables
pg_dump: reading user-defined functions
pg_dump: reading user-defined types
pg_dump: reading procedural languages
pg_dump: reading user-defined aggregate functions
pg_dump: reading user-defined operators
pg_dump: reading user-defined access methods
pg_dump: reading user-defined operator classes
pg_dump: reading user-defined operator families
pg_dump: reading user-defined text search parsers
pg_dump: reading user-defined text search templates
pg_dump: reading user-defined text search dictionaries
pg_dump: reading user-defined text search configurations
pg_dump: reading user-defined foreign-data wrappers
pg_dump: reading user-defined foreign servers
pg_dump: reading default privileges
pg_dump: reading user-defined collations
pg_dump: reading user-defined conversions
pg_dump: reading type casts
pg_dump: reading transforms
pg_dump: reading table inheritance information
pg_dump: reading event triggers
pg_dump: finding extension tables
pg_dump: finding inheritance relationships
pg_dump: reading column info for interesting tables
pg_dump: finding table default expressions
pg_dump: flagging inherited columns in subtables
pg_dump: reading partitioning data
pg_dump: reading indexes
pg_dump: flagging indexes in partitioned tables
pg_dump: reading extended statistics
pg_dump: reading constraints
pg_dump: reading triggers
pg_dump: reading rewrite rules
pg_dump: reading policies
pg_dump: reading row-level security policies
pg_dump: reading publications
pg_dump: reading publication membership of tables
pg_dump: reading publication membership of schemas
pg_dump: reading subscriptions
pg_dump: reading large objects
pg_dump: reading dependency data
pg_dump: saving encoding = UTF8
pg_dump: saving standard_conforming_strings = on
pg_dump: saving search_path = 
pg_dump: saving database definition
pg_dump: dumping contents of table "public.api_key"
pg_dump: dumping contents of table "public.application"
pg_dump: dumping contents of table "public.code_migration"
pg_dump: dumping contents of table "public.device"
pg_dump: dumping contents of table "public.device_keys"
pg_dump: dumping contents of table "public.device_multicast_group"
pg_dump: dumping contents of table "public.device_profile"
pg_dump: dumping contents of table "public.gateway"
pg_dump: dumping contents of table "public.gateway_ping"
pg_dump: dumping contents of table "public.gateway_ping_rx"
pg_dump: dumping contents of table "public.gateway_profile"
pg_dump: dumping contents of table "public.integration"
pg_dump: dumping contents of table "public.multicast_group"
pg_dump: dumping contents of table "public.network_server"
pg_dump: dumping contents of table "public.organization"
pg_dump: dumping contents of table "public.organization_user"
pg_dump: dumping contents of table "public.schema_migrations"
pg_dump: dumping contents of table "public.service_profile"
pg_dump: dumping contents of table "public.user"
[2026-05-18 18:29:14]   OK - 90607 bytes - /home/adailsilva/Apps/OracleCloud/03.k8s-on-arm-oci-always-free_chirpstack/03.chirpstack_v3/backups/chirpstack_as//chirpstack_as_20260518_182914.backup
[2026-05-18 18:29:14] 
[2026-05-18 18:29:14] [2/2] Gerando .sql (plain SQL)...
pg_dump: last built-in OID is 16383
pg_dump: reading extensions
pg_dump: identifying extension members
pg_dump: reading schemas
pg_dump: reading user-defined tables
pg_dump: reading user-defined functions
pg_dump: reading user-defined types
pg_dump: reading procedural languages
pg_dump: reading user-defined aggregate functions
pg_dump: reading user-defined operators
pg_dump: reading user-defined access methods
pg_dump: reading user-defined operator classes
pg_dump: reading user-defined operator families
pg_dump: reading user-defined text search parsers
pg_dump: reading user-defined text search templates
pg_dump: reading user-defined text search dictionaries
pg_dump: reading user-defined text search configurations
pg_dump: reading user-defined foreign-data wrappers
pg_dump: reading user-defined foreign servers
pg_dump: reading default privileges
pg_dump: reading user-defined collations
pg_dump: reading user-defined conversions
pg_dump: reading type casts
pg_dump: reading transforms
pg_dump: reading table inheritance information
pg_dump: reading event triggers
pg_dump: finding extension tables
pg_dump: finding inheritance relationships
pg_dump: reading column info for interesting tables
pg_dump: finding table default expressions
pg_dump: flagging inherited columns in subtables
pg_dump: reading partitioning data
pg_dump: reading indexes
pg_dump: flagging indexes in partitioned tables
pg_dump: reading extended statistics
pg_dump: reading constraints
pg_dump: reading triggers
pg_dump: reading rewrite rules
pg_dump: reading policies
pg_dump: reading row-level security policies
pg_dump: reading publications
pg_dump: reading publication membership of tables
pg_dump: reading publication membership of schemas
pg_dump: reading subscriptions
pg_dump: reading large objects
pg_dump: reading dependency data
pg_dump: saving encoding = UTF8
pg_dump: saving standard_conforming_strings = on
pg_dump: saving search_path = 
pg_dump: saving database definition
pg_dump: dropping DATABASE chirpstack_as
pg_dump: creating DATABASE "chirpstack_as"
pg_dump: connecting to new database "chirpstack_as"
pg_dump: creating SCHEMA "public"
pg_dump: creating EXTENSION "hstore"
pg_dump: creating COMMENT "EXTENSION hstore"
pg_dump: creating EXTENSION "pg_trgm"
pg_dump: creating COMMENT "EXTENSION pg_trgm"
pg_dump: creating TABLE "public.api_key"
pg_dump: creating TABLE "public.application"
pg_dump: creating SEQUENCE "public.application_id_seq"
pg_dump: creating SEQUENCE OWNED BY "public.application_id_seq"
pg_dump: creating TABLE "public.code_migration"
pg_dump: creating TABLE "public.device"
pg_dump: creating TABLE "public.device_keys"
pg_dump: creating TABLE "public.device_multicast_group"
pg_dump: creating TABLE "public.device_profile"
pg_dump: creating TABLE "public.gateway"
pg_dump: creating TABLE "public.gateway_ping"
pg_dump: creating SEQUENCE "public.gateway_ping_id_seq"
pg_dump: creating SEQUENCE OWNED BY "public.gateway_ping_id_seq"
pg_dump: creating TABLE "public.gateway_ping_rx"
pg_dump: creating SEQUENCE "public.gateway_ping_rx_id_seq"
pg_dump: creating SEQUENCE OWNED BY "public.gateway_ping_rx_id_seq"
pg_dump: creating TABLE "public.gateway_profile"
pg_dump: creating TABLE "public.integration"
pg_dump: creating SEQUENCE "public.integration_id_seq"
pg_dump: creating SEQUENCE OWNED BY "public.integration_id_seq"
pg_dump: creating TABLE "public.multicast_group"
pg_dump: creating TABLE "public.network_server"
pg_dump: creating SEQUENCE "public.network_server_id_seq"
pg_dump: creating SEQUENCE OWNED BY "public.network_server_id_seq"
pg_dump: creating TABLE "public.organization"
pg_dump: creating SEQUENCE "public.organization_id_seq"
pg_dump: creating SEQUENCE OWNED BY "public.organization_id_seq"
pg_dump: creating TABLE "public.organization_user"
pg_dump: creating SEQUENCE "public.organization_user_id_seq"
pg_dump: creating SEQUENCE OWNED BY "public.organization_user_id_seq"
pg_dump: creating TABLE "public.schema_migrations"
pg_dump: creating TABLE "public.service_profile"
pg_dump: creating TABLE "public.user"
pg_dump: creating SEQUENCE "public.user_id_seq"
pg_dump: creating SEQUENCE OWNED BY "public.user_id_seq"
pg_dump: creating DEFAULT "public.application id"
pg_dump: creating DEFAULT "public.gateway_ping id"
pg_dump: creating DEFAULT "public.gateway_ping_rx id"
pg_dump: creating DEFAULT "public.integration id"
pg_dump: creating DEFAULT "public.network_server id"
pg_dump: creating DEFAULT "public.organization id"
pg_dump: creating DEFAULT "public.organization_user id"
pg_dump: creating DEFAULT "public.user id"
pg_dump: processing data for table "public.api_key"
pg_dump: dumping contents of table "public.api_key"
pg_dump: processing data for table "public.application"
pg_dump: dumping contents of table "public.application"
pg_dump: processing data for table "public.code_migration"
pg_dump: dumping contents of table "public.code_migration"
pg_dump: processing data for table "public.device"
pg_dump: dumping contents of table "public.device"
pg_dump: processing data for table "public.device_keys"
pg_dump: dumping contents of table "public.device_keys"
pg_dump: processing data for table "public.device_multicast_group"
pg_dump: dumping contents of table "public.device_multicast_group"
pg_dump: processing data for table "public.device_profile"
pg_dump: dumping contents of table "public.device_profile"
pg_dump: processing data for table "public.gateway"
pg_dump: dumping contents of table "public.gateway"
pg_dump: processing data for table "public.gateway_ping"
pg_dump: dumping contents of table "public.gateway_ping"
pg_dump: processing data for table "public.gateway_ping_rx"
pg_dump: dumping contents of table "public.gateway_ping_rx"
pg_dump: processing data for table "public.gateway_profile"
pg_dump: dumping contents of table "public.gateway_profile"
pg_dump: processing data for table "public.integration"
pg_dump: dumping contents of table "public.integration"
pg_dump: processing data for table "public.multicast_group"
pg_dump: dumping contents of table "public.multicast_group"
pg_dump: processing data for table "public.network_server"
pg_dump: dumping contents of table "public.network_server"
pg_dump: processing data for table "public.organization"
pg_dump: dumping contents of table "public.organization"
pg_dump: processing data for table "public.organization_user"
pg_dump: dumping contents of table "public.organization_user"
pg_dump: processing data for table "public.schema_migrations"
pg_dump: dumping contents of table "public.schema_migrations"
pg_dump: processing data for table "public.service_profile"
pg_dump: dumping contents of table "public.service_profile"
pg_dump: processing data for table "public.user"
pg_dump: dumping contents of table "public.user"
pg_dump: executing SEQUENCE SET application_id_seq
pg_dump: executing SEQUENCE SET gateway_ping_id_seq
pg_dump: executing SEQUENCE SET gateway_ping_rx_id_seq
pg_dump: executing SEQUENCE SET integration_id_seq
pg_dump: executing SEQUENCE SET network_server_id_seq
pg_dump: executing SEQUENCE SET organization_id_seq
pg_dump: executing SEQUENCE SET organization_user_id_seq
pg_dump: executing SEQUENCE SET user_id_seq
pg_dump: creating CONSTRAINT "public.api_key api_key_pkey"
pg_dump: creating CONSTRAINT "public.application application_name_organization_id_key"
pg_dump: creating CONSTRAINT "public.application application_pkey"
pg_dump: creating CONSTRAINT "public.code_migration code_migration_pkey"
pg_dump: creating CONSTRAINT "public.device_keys device_keys_pkey"
pg_dump: creating CONSTRAINT "public.device_multicast_group device_multicast_group_pkey"
pg_dump: creating CONSTRAINT "public.device device_pkey"
pg_dump: creating CONSTRAINT "public.device_profile device_profile_pkey"
pg_dump: creating CONSTRAINT "public.gateway gateway_name_organization_id_key"
pg_dump: creating CONSTRAINT "public.gateway_ping gateway_ping_pkey"
pg_dump: creating CONSTRAINT "public.gateway_ping_rx gateway_ping_rx_pkey"
pg_dump: creating CONSTRAINT "public.gateway gateway_pkey"
pg_dump: creating CONSTRAINT "public.gateway_profile gateway_profile_pkey"
pg_dump: creating CONSTRAINT "public.integration integration_kind_application_id"
pg_dump: creating CONSTRAINT "public.integration integration_pkey"
pg_dump: creating CONSTRAINT "public.multicast_group multicast_group_pkey"
pg_dump: creating CONSTRAINT "public.network_server network_server_pkey"
pg_dump: creating CONSTRAINT "public.organization organization_pkey"
pg_dump: creating CONSTRAINT "public.organization_user organization_user_pkey"
pg_dump: creating CONSTRAINT "public.organization_user organization_user_user_id_organization_id_key"
pg_dump: creating CONSTRAINT "public.schema_migrations schema_migrations_pkey"
pg_dump: creating CONSTRAINT "public.service_profile service_profile_pkey"
pg_dump: creating CONSTRAINT "public.user user_pkey"
pg_dump: creating INDEX "public.idx_api_key_application_id"
pg_dump: creating INDEX "public.idx_api_key_organization_id"
pg_dump: creating INDEX "public.idx_application_name_trgm"
pg_dump: creating INDEX "public.idx_application_organization_id"
pg_dump: creating INDEX "public.idx_application_service_profile_id"
pg_dump: creating INDEX "public.idx_device_application_id"
pg_dump: creating INDEX "public.idx_device_dev_addr_trgm"
pg_dump: creating INDEX "public.idx_device_dev_eui_trgm"
pg_dump: creating INDEX "public.idx_device_device_profile_id"
pg_dump: creating INDEX "public.idx_device_name_application_id"
pg_dump: creating INDEX "public.idx_device_name_trgm"
pg_dump: creating INDEX "public.idx_device_profile_network_server_id"
pg_dump: creating INDEX "public.idx_device_profile_organization_id"
pg_dump: creating INDEX "public.idx_device_profile_tags"
pg_dump: creating INDEX "public.idx_device_tags"
pg_dump: creating INDEX "public.idx_gateway_gateway_profile_id"
pg_dump: creating INDEX "public.idx_gateway_last_ping_sent_at"
pg_dump: creating INDEX "public.idx_gateway_mac_trgm"
pg_dump: creating INDEX "public.idx_gateway_name_organization_id"
pg_dump: creating INDEX "public.idx_gateway_name_trgm"
pg_dump: creating INDEX "public.idx_gateway_network_server_id"
pg_dump: creating INDEX "public.idx_gateway_organization_id"
pg_dump: creating INDEX "public.idx_gateway_ping"
pg_dump: creating INDEX "public.idx_gateway_ping_gateway_mac"
pg_dump: creating INDEX "public.idx_gateway_ping_rx_gateway_mac"
pg_dump: creating INDEX "public.idx_gateway_ping_rx_ping_id"
pg_dump: creating INDEX "public.idx_gateway_profile_network_server_id"
pg_dump: creating INDEX "public.idx_gateway_service_profile_id"
pg_dump: creating INDEX "public.idx_gateway_tags"
pg_dump: creating INDEX "public.idx_integration_application_id"
pg_dump: creating INDEX "public.idx_integration_kind"
pg_dump: creating INDEX "public.idx_multicast_group_application_id"
pg_dump: creating INDEX "public.idx_multicast_group_name_trgm"
pg_dump: creating INDEX "public.idx_organization_name"
pg_dump: creating INDEX "public.idx_organization_name_trgm"
pg_dump: creating INDEX "public.idx_organization_user_organization_id"
pg_dump: creating INDEX "public.idx_organization_user_user_id"
pg_dump: creating INDEX "public.idx_service_profile_network_server_id"
pg_dump: creating INDEX "public.idx_service_profile_organization_id"
pg_dump: creating INDEX "public.idx_user_email"
pg_dump: creating INDEX "public.idx_user_external_id"
pg_dump: creating FK CONSTRAINT "public.api_key api_key_application_id_fkey"
pg_dump: creating FK CONSTRAINT "public.api_key api_key_organization_id_fkey"
pg_dump: creating FK CONSTRAINT "public.application application_organization_id_fkey"
pg_dump: creating FK CONSTRAINT "public.application application_service_profile_id_fkey"
pg_dump: creating FK CONSTRAINT "public.device device_application_id_fkey"
pg_dump: creating FK CONSTRAINT "public.device device_device_profile_id_fkey"
pg_dump: creating FK CONSTRAINT "public.device_keys device_keys_dev_eui_fkey"
pg_dump: creating FK CONSTRAINT "public.device_multicast_group device_multicast_group_dev_eui_fkey"
pg_dump: creating FK CONSTRAINT "public.device_multicast_group device_multicast_group_multicast_group_id_fkey"
pg_dump: creating FK CONSTRAINT "public.device_profile device_profile_network_server_id_fkey"
pg_dump: creating FK CONSTRAINT "public.device_profile device_profile_organization_id_fkey"
pg_dump: creating FK CONSTRAINT "public.gateway gateway_gateway_profile_id_fkey"
pg_dump: creating FK CONSTRAINT "public.gateway gateway_last_ping_id_fkey"
pg_dump: creating FK CONSTRAINT "public.gateway gateway_network_server_id_fkey"
pg_dump: creating FK CONSTRAINT "public.gateway gateway_organization_id_fkey"
pg_dump: creating FK CONSTRAINT "public.gateway_ping gateway_ping_gateway_mac_fkey"
pg_dump: creating FK CONSTRAINT "public.gateway_ping_rx gateway_ping_rx_gateway_mac_fkey"
pg_dump: creating FK CONSTRAINT "public.gateway_ping_rx gateway_ping_rx_ping_id_fkey"
pg_dump: creating FK CONSTRAINT "public.gateway_profile gateway_profile_network_server_id_fkey"
pg_dump: creating FK CONSTRAINT "public.gateway gateway_service_profile_id_fkey"
pg_dump: creating FK CONSTRAINT "public.integration integration_application_id_fkey"
pg_dump: creating FK CONSTRAINT "public.multicast_group multicast_group_application_id_fkey"
pg_dump: creating FK CONSTRAINT "public.organization_user organization_user_organization_id_fkey"
pg_dump: creating FK CONSTRAINT "public.organization_user organization_user_user_id_fkey"
pg_dump: creating FK CONSTRAINT "public.service_profile service_profile_network_server_id_fkey"
pg_dump: creating FK CONSTRAINT "public.service_profile service_profile_organization_id_fkey"
pg_dump: creating ACL "SCHEMA public"
[2026-05-18 18:29:14]   OK - 203226 bytes - /home/adailsilva/Apps/OracleCloud/03.k8s-on-arm-oci-always-free_chirpstack/03.chirpstack_v3/backups/chirpstack_as//chirpstack_as_20260518_182914.sql
[2026-05-18 18:29:14] 
[2026-05-18 18:29:14] ============================================================
[2026-05-18 18:29:14]  STATUS FINAL: SUCESSO
[2026-05-18 18:29:14]  Log: /home/adailsilva/Apps/OracleCloud/03.k8s-on-arm-oci-always-free_chirpstack/03.chirpstack_v3/backups/chirpstack_as//backup_20260518_182914.log
[2026-05-18 18:29:14] ============================================================
