[2026-05-18 18:24:47] ============================================================
[2026-05-18 18:24:47]  Iniciando backup: chirpstack_ns
[2026-05-18 18:24:47]  Host: localhost:5432
[2026-05-18 18:24:47]  Usuario: chirpstack_ns
[2026-05-18 18:24:47] ============================================================
[2026-05-18 18:24:47] Versao: pg_dump (PostgreSQL) 16.13 (Ubuntu 16.13-0ubuntu0.24.04.1)
[2026-05-18 18:24:47] 
[2026-05-18 18:24:47] [1/2] Gerando .backup (formato custom)...
pg_dump: last built-in OID is 16383
pg_dump: reading extensions
pg_dump: identifying extension members
pg_dump: reading schemas
pg_dump: reading user-defined tables
pg_dump: reading user-defined functions
pg_dump: reading user-defined types
pg_dump: reading procedural languages
pg_dump: reading user-defined aggregate functions
pg_dump: reading user-defined operators
pg_dump: reading user-defined access methods
pg_dump: reading user-defined operator classes
pg_dump: reading user-defined operator families
pg_dump: reading user-defined text search parsers
pg_dump: reading user-defined text search templates
pg_dump: reading user-defined text search dictionaries
pg_dump: reading user-defined text search configurations
pg_dump: reading user-defined foreign-data wrappers
pg_dump: reading user-defined foreign servers
pg_dump: reading default privileges
pg_dump: reading user-defined collations
pg_dump: reading user-defined conversions
pg_dump: reading type casts
pg_dump: reading transforms
pg_dump: reading table inheritance information
pg_dump: reading event triggers
pg_dump: finding extension tables
pg_dump: finding inheritance relationships
pg_dump: reading column info for interesting tables
pg_dump: finding table default expressions
pg_dump: flagging inherited columns in subtables
pg_dump: reading partitioning data
pg_dump: reading indexes
pg_dump: flagging indexes in partitioned tables
pg_dump: reading extended statistics
pg_dump: reading constraints
pg_dump: reading triggers
pg_dump: reading rewrite rules
pg_dump: reading policies
pg_dump: reading row-level security policies
pg_dump: reading publications
pg_dump: reading publication membership of tables
pg_dump: reading publication membership of schemas
pg_dump: reading subscriptions
pg_dump: reading large objects
pg_dump: reading dependency data
pg_dump: saving encoding = UTF8
pg_dump: saving standard_conforming_strings = on
pg_dump: saving search_path = 
pg_dump: saving database definition
pg_dump: dumping contents of table "public.code_migration"
pg_dump: dumping contents of table "public.device"
pg_dump: dumping contents of table "public.device_activation"
pg_dump: dumping contents of table "public.device_multicast_group"
pg_dump: dumping contents of table "public.device_profile"
pg_dump: dumping contents of table "public.device_queue"
pg_dump: dumping contents of table "public.gateway"
pg_dump: dumping contents of table "public.gateway_board"
pg_dump: dumping contents of table "public.gateway_profile"
pg_dump: dumping contents of table "public.gateway_profile_extra_channel"
pg_dump: dumping contents of table "public.multicast_group"
pg_dump: dumping contents of table "public.multicast_queue"
pg_dump: dumping contents of table "public.routing_profile"
pg_dump: dumping contents of table "public.schema_migrations"
pg_dump: dumping contents of table "public.service_profile"
[2026-05-18 18:24:47]   OK - 40651 bytes - /home/adailsilva/Apps/OracleCloud/03.k8s-on-arm-oci-always-free_chirpstack/03.chirpstack_v3/backups/chirpstack_ns//chirpstack_ns_20260518_182447.backup
[2026-05-18 18:24:47] 
[2026-05-18 18:24:47] [2/2] Gerando .sql (plain SQL)...
pg_dump: last built-in OID is 16383
pg_dump: reading extensions
pg_dump: identifying extension members
pg_dump: reading schemas
pg_dump: reading user-defined tables
pg_dump: reading user-defined functions
pg_dump: reading user-defined types
pg_dump: reading procedural languages
pg_dump: reading user-defined aggregate functions
pg_dump: reading user-defined operators
pg_dump: reading user-defined access methods
pg_dump: reading user-defined operator classes
pg_dump: reading user-defined operator families
pg_dump: reading user-defined text search parsers
pg_dump: reading user-defined text search templates
pg_dump: reading user-defined text search dictionaries
pg_dump: reading user-defined text search configurations
pg_dump: reading user-defined foreign-data wrappers
pg_dump: reading user-defined foreign servers
pg_dump: reading default privileges
pg_dump: reading user-defined collations
pg_dump: reading user-defined conversions
pg_dump: reading type casts
pg_dump: reading transforms
pg_dump: reading table inheritance information
pg_dump: reading event triggers
pg_dump: finding extension tables
pg_dump: finding inheritance relationships
pg_dump: reading column info for interesting tables
pg_dump: finding table default expressions
pg_dump: flagging inherited columns in subtables
pg_dump: reading partitioning data
pg_dump: reading indexes
pg_dump: flagging indexes in partitioned tables
pg_dump: reading extended statistics
pg_dump: reading constraints
pg_dump: reading triggers
pg_dump: reading rewrite rules
pg_dump: reading policies
pg_dump: reading row-level security policies
pg_dump: reading publications
pg_dump: reading publication membership of tables
pg_dump: reading publication membership of schemas
pg_dump: reading subscriptions
pg_dump: reading large objects
pg_dump: reading dependency data
pg_dump: saving encoding = UTF8
pg_dump: saving standard_conforming_strings = on
pg_dump: saving search_path = 
pg_dump: saving database definition
pg_dump: dropping DATABASE chirpstack_ns
pg_dump: creating DATABASE "chirpstack_ns"
pg_dump: connecting to new database "chirpstack_ns"
pg_dump: creating SCHEMA "public"
pg_dump: creating TABLE "public.code_migration"
pg_dump: creating TABLE "public.device"
pg_dump: creating TABLE "public.device_activation"
pg_dump: creating SEQUENCE "public.device_activation_id_seq"
pg_dump: creating SEQUENCE OWNED BY "public.device_activation_id_seq"
pg_dump: creating TABLE "public.device_multicast_group"
pg_dump: creating TABLE "public.device_profile"
pg_dump: creating TABLE "public.device_queue"
pg_dump: creating SEQUENCE "public.device_queue_id_seq"
pg_dump: creating SEQUENCE OWNED BY "public.device_queue_id_seq"
pg_dump: creating TABLE "public.gateway"
pg_dump: creating TABLE "public.gateway_board"
pg_dump: creating TABLE "public.gateway_profile"
pg_dump: creating TABLE "public.gateway_profile_extra_channel"
pg_dump: creating SEQUENCE "public.gateway_profile_extra_channel_id_seq"
pg_dump: creating SEQUENCE OWNED BY "public.gateway_profile_extra_channel_id_seq"
pg_dump: creating TABLE "public.multicast_group"
pg_dump: creating TABLE "public.multicast_queue"
pg_dump: creating SEQUENCE "public.multicast_queue_id_seq"
pg_dump: creating SEQUENCE OWNED BY "public.multicast_queue_id_seq"
pg_dump: creating TABLE "public.routing_profile"
pg_dump: creating TABLE "public.schema_migrations"
pg_dump: creating TABLE "public.service_profile"
pg_dump: creating DEFAULT "public.device_activation id"
pg_dump: creating DEFAULT "public.device_queue id"
pg_dump: creating DEFAULT "public.gateway_profile_extra_channel id"
pg_dump: creating DEFAULT "public.multicast_queue id"
pg_dump: processing data for table "public.code_migration"
pg_dump: dumping contents of table "public.code_migration"
pg_dump: processing data for table "public.device"
pg_dump: dumping contents of table "public.device"
pg_dump: processing data for table "public.device_activation"
pg_dump: dumping contents of table "public.device_activation"
pg_dump: processing data for table "public.device_multicast_group"
pg_dump: dumping contents of table "public.device_multicast_group"
pg_dump: processing data for table "public.device_profile"
pg_dump: dumping contents of table "public.device_profile"
pg_dump: processing data for table "public.device_queue"
pg_dump: dumping contents of table "public.device_queue"
pg_dump: processing data for table "public.gateway"
pg_dump: dumping contents of table "public.gateway"
pg_dump: processing data for table "public.gateway_board"
pg_dump: dumping contents of table "public.gateway_board"
pg_dump: processing data for table "public.gateway_profile"
pg_dump: dumping contents of table "public.gateway_profile"
pg_dump: processing data for table "public.gateway_profile_extra_channel"
pg_dump: dumping contents of table "public.gateway_profile_extra_channel"
pg_dump: processing data for table "public.multicast_group"
pg_dump: dumping contents of table "public.multicast_group"
pg_dump: processing data for table "public.multicast_queue"
pg_dump: dumping contents of table "public.multicast_queue"
pg_dump: processing data for table "public.routing_profile"
pg_dump: dumping contents of table "public.routing_profile"
pg_dump: processing data for table "public.schema_migrations"
pg_dump: dumping contents of table "public.schema_migrations"
pg_dump: processing data for table "public.service_profile"
pg_dump: dumping contents of table "public.service_profile"
pg_dump: executing SEQUENCE SET device_activation_id_seq
pg_dump: executing SEQUENCE SET device_queue_id_seq
pg_dump: executing SEQUENCE SET gateway_profile_extra_channel_id_seq
pg_dump: executing SEQUENCE SET multicast_queue_id_seq
pg_dump: creating CONSTRAINT "public.code_migration code_migration_pkey"
pg_dump: creating CONSTRAINT "public.device_activation device_activation_pkey"
pg_dump: creating CONSTRAINT "public.device_multicast_group device_multicast_group_pkey"
pg_dump: creating CONSTRAINT "public.device device_pkey"
pg_dump: creating CONSTRAINT "public.device_profile device_profile_pkey"
pg_dump: creating CONSTRAINT "public.device_queue device_queue_pkey"
pg_dump: creating CONSTRAINT "public.gateway_board gateway_board_pkey"
pg_dump: creating CONSTRAINT "public.gateway gateway_pkey"
pg_dump: creating CONSTRAINT "public.gateway_profile_extra_channel gateway_profile_extra_channel_pkey"
pg_dump: creating CONSTRAINT "public.gateway_profile gateway_profile_pkey"
pg_dump: creating CONSTRAINT "public.multicast_group multicast_group_pkey"
pg_dump: creating CONSTRAINT "public.multicast_queue multicast_queue_pkey"
pg_dump: creating CONSTRAINT "public.routing_profile routing_profile_pkey"
pg_dump: creating CONSTRAINT "public.schema_migrations schema_migrations_pkey"
pg_dump: creating CONSTRAINT "public.service_profile service_profile_pkey"
pg_dump: creating INDEX "public.idx_device_activation_dev_eui"
pg_dump: creating INDEX "public.idx_device_activation_nonce_lookup"
pg_dump: creating INDEX "public.idx_device_device_profile_id"
pg_dump: creating INDEX "public.idx_device_mode"
pg_dump: creating INDEX "public.idx_device_queue_confirmed"
pg_dump: creating INDEX "public.idx_device_queue_dev_eui"
pg_dump: creating INDEX "public.idx_device_queue_emit_at_time_since_gps_epoch"
pg_dump: creating INDEX "public.idx_device_queue_timeout_after"
pg_dump: creating INDEX "public.idx_device_routing_profile_id"
pg_dump: creating INDEX "public.idx_device_service_profile_id"
pg_dump: creating INDEX "public.idx_gateway_gateway_profile_id"
pg_dump: creating INDEX "public.idx_gateway_profile_extra_channel_gw_profile_id"
pg_dump: creating INDEX "public.idx_gateway_routing_profile_id"
pg_dump: creating INDEX "public.idx_gateway_service_profile_id"
pg_dump: creating INDEX "public.idx_multicast_group_routing_profile_id"
pg_dump: creating INDEX "public.idx_multicast_group_service_profile_id"
pg_dump: creating INDEX "public.idx_multicast_queue_emit_at_time_since_gps_epoch"
pg_dump: creating INDEX "public.idx_multicast_queue_multicast_group_id"
pg_dump: creating INDEX "public.idx_multicast_queue_schedule_at"
pg_dump: creating FK CONSTRAINT "public.device_activation device_activation_dev_eui_fkey"
pg_dump: creating FK CONSTRAINT "public.device device_device_profile_id_fkey"
pg_dump: creating FK CONSTRAINT "public.device_multicast_group device_multicast_group_dev_eui_fkey"
pg_dump: creating FK CONSTRAINT "public.device_multicast_group device_multicast_group_multicast_group_id_fkey"
pg_dump: creating FK CONSTRAINT "public.device_queue device_queue_dev_eui_fkey"
pg_dump: creating FK CONSTRAINT "public.device device_routing_profile_id_fkey"
pg_dump: creating FK CONSTRAINT "public.device device_service_profile_id_fkey"
pg_dump: creating FK CONSTRAINT "public.gateway_board gateway_board_gateway_id_fkey"
pg_dump: creating FK CONSTRAINT "public.gateway gateway_gateway_profile_id_fkey"
pg_dump: creating FK CONSTRAINT "public.gateway_profile_extra_channel gateway_profile_extra_channel_gateway_profile_id_fkey"
pg_dump: creating FK CONSTRAINT "public.gateway gateway_routing_profile_id_fkey"
pg_dump: creating FK CONSTRAINT "public.gateway gateway_service_profile_id_fkey"
pg_dump: creating FK CONSTRAINT "public.multicast_group multicast_group_routing_profile_id_fkey"
pg_dump: creating FK CONSTRAINT "public.multicast_group multicast_group_service_profile_id_fkey"
pg_dump: creating FK CONSTRAINT "public.multicast_queue multicast_queue_gateway_id_fkey"
pg_dump: creating FK CONSTRAINT "public.multicast_queue multicast_queue_multicast_group_id_fkey"
pg_dump: creating ACL "SCHEMA public"
[2026-05-18 18:24:47]   OK - 37874 bytes - /home/adailsilva/Apps/OracleCloud/03.k8s-on-arm-oci-always-free_chirpstack/03.chirpstack_v3/backups/chirpstack_ns//chirpstack_ns_20260518_182447.sql
[2026-05-18 18:24:47] 
[2026-05-18 18:24:47] ============================================================
[2026-05-18 18:24:47]  STATUS FINAL: SUCESSO
[2026-05-18 18:24:47]  Log: /home/adailsilva/Apps/OracleCloud/03.k8s-on-arm-oci-always-free_chirpstack/03.chirpstack_v3/backups/chirpstack_ns//backup_20260518_182447.log
[2026-05-18 18:24:47] ============================================================
